创建一个版本库非常简单，首先，选择一个合适的地方，创建一个空目录：
$ mkdir learngit
$ cd learngit
$ pwd
/Users/michael/learngit
第二步，通过git init命令把这个目录变成Git可以管理的仓库：	
$ git init
Initialized empty Git repository in /Users/michael/learngit/.git/


第一步，用命令git add告诉Git，把文件添加到仓库：
$ git add readme.txt
$ git commit -m "wrote a readme file"


版本回退

版本控制系统肯定有某个命令可以告诉我们历史记录，在Git中，我们用git log命令查看：
如果嫌输出信息太多，看得眼花缭乱的，可以试试加上--pretty=oneline参数：

$ git reset --hard HEAD^

$ cat readme.txt

$ git reset --hard 1094a

$ git reflog

管理修改

提交后，用git diff HEAD -- readme.txt命令可以查看工作区和版本库里面最新版本的区别：

撤销修改

你可以发现，Git会告诉你，git checkout -- file可以丢弃工作区的修改：

用命令git reset HEAD <file>可以把暂存区的修改撤销掉（unstage），重新放回工作区：

小结

又到了小结时间。

场景1：当你改乱了工作区某个文件的内容，想直接丢弃工作区的修改时，用命令git checkout -- file。

场景2：当你不但改乱了工作区某个文件的内容，还添加到了暂存区时，想丢弃修改，分两步，第一步用命令git reset HEAD <file>，就回到了场景1，第二步按场景1操作。

场景3：已经提交了不合适的修改到版本库时，想要撤销本次提交，参考版本回退一节，不过前提是没有推送到远程库。

删除文件

一般情况下，你通常直接在文件管理器中把没用的文件删了，或者用rm命令删了：

$ rm test.txt	

现在你有两个选择，一是确实要从版本库中删除该文件，那就用命令git rm删掉，并且git commit：	

另一种情况是删错了，因为版本库里还有呢，所以可以很轻松地把误删的文件恢复到最新版本：

$ git checkout -- test.txt

创建与合并分支

Git鼓励大量使用分支：

查看分支：git branch

创建分支：git branch <name>

切换分支：git checkout <name>

创建+切换分支：git checkout -b <name>

合并某分支到当前分支：git merge <name>

删除分支：git branch -d <name>

准备合并dev分支，请注意--no-ff参数，表示禁用Fast forward：

$ git merge --no-ff -m "merge with no-ff" dev

Bug分支

幸好，Git还提供了一个stash功能，可以把当前工作现场“储藏”起来，等以后恢复现场后继续工作：

$ git stash

用git status查看工作区，就是干净的（除非有没有被Git管理的文件），因此可以放心地创建分支来修复bug。

工作区是干净的，刚才的工作现场存到哪去了？用git stash list命令看看：

$ git stash list

一是用git stash apply恢复，但是恢复后，stash内容并不删除，你需要用git stash drop来删除；

另一种方式是用git stash pop，恢复的同时把stash内容也删了：

Bug分支

阅读: 349107
软件开发中，bug就像家常便饭一样。有了bug就需要修复，在Git中，由于分支是如此的强大，所以，每个bug都可以通过一个新的临时分支来修复，修复后，合并分支，然后将临时分支删除。

当你接到一个修复一个代号101的bug的任务时，很自然地，你想创建一个分支issue-101来修复它，但是，等等，当前正在dev上进行的工作还没有提交：

$ git status
On branch dev
Changes to be committed:
  (use "git reset HEAD <file>..." to unstage)

    new file:   hello.py

Changes not staged for commit:
  (use "git add <file>..." to update what will be committed)
  (use "git checkout -- <file>..." to discard changes in working directory)

    modified:   readme.txt
并不是你不想提交，而是工作只进行到一半，还没法提交，预计完成还需1天时间。但是，必须在两个小时内修复该bug，怎么办？

幸好，Git还提供了一个stash功能，可以把当前工作现场“储藏”起来，等以后恢复现场后继续工作：

$ git stash
Saved working directory and index state WIP on dev: f52c633 add merge
现在，用git status查看工作区，就是干净的（除非有没有被Git管理的文件），因此可以放心地创建分支来修复bug。

首先确定要在哪个分支上修复bug，假定需要在master分支上修复，就从master创建临时分支：

$ git checkout master
Switched to branch 'master'
Your branch is ahead of 'origin/master' by 6 commits.
  (use "git push" to publish your local commits)

$ git checkout -b issue-101
Switched to a new branch 'issue-101'
现在修复bug，需要把“Git is free software ...”改为“Git is a free software ...”，然后提交：

$ git add readme.txt 
$ git commit -m "fix bug 101"
[issue-101 4c805e2] fix bug 101
 1 file changed, 1 insertion(+), 1 deletion(-)
修复完成后，切换到master分支，并完成合并，最后删除issue-101分支：

$ git checkout master
Switched to branch 'master'
Your branch is ahead of 'origin/master' by 6 commits.
  (use "git push" to publish your local commits)

$ git merge --no-ff -m "merged bug fix 101" issue-101
Merge made by the 'recursive' strategy.
 readme.txt | 2 +-
 1 file changed, 1 insertion(+), 1 deletion(-)
太棒了，原计划两个小时的bug修复只花了5分钟！现在，是时候接着回到dev分支干活了！

$ git checkout dev
Switched to branch 'dev'

$ git status
On branch dev
nothing to commit, working tree clean
工作区是干净的，刚才的工作现场存到哪去了？用git stash list命令看看：

$ git stash list
stash@{0}: WIP on dev: f52c633 add merge
工作现场还在，Git把stash内容存在某个地方了，但是需要恢复一下，有两个办法：

一是用git stash apply恢复，但是恢复后，stash内容并不删除，你需要用git stash drop来删除；

另一种方式是用git stash pop，恢复的同时把stash内容也删了：

$ git stash pop
On branch dev
Changes to be committed:
  (use "git reset HEAD <file>..." to unstage)

    new file:   hello.py

Changes not staged for commit:
  (use "git add <file>..." to update what will be committed)
  (use "git checkout -- <file>..." to discard changes in working directory)

    modified:   readme.txt

Dropped refs/stash@{0} (5d677e2ee266f39ea296182fb2354265b91b3b2a)
再用git stash list查看，就看不到任何stash内容了：

$ git stash list
你可以多次stash，恢复的时候，先用git stash list查看，然后恢复指定的stash，用命令：

$ git stash apply stash@{0}

小结

修复bug时，我们会通过创建新的bug分支进行修复，然后合并，最后删除；

当手头工作没有完成时，先把工作现场git stash一下，然后去修复bug，修复后，再git stash pop，回到工作现场。

添加远程库

要关联一个远程库，使用命令git remote add origin git@server-name:path/repo-name.git；

关联后，使用命令git push -u origin master第一次推送master分支的所有内容；

此后，每次本地提交后，只要有必要，就可以使用命令git push origin master推送最新修改；


多人协作

要查看远程库的信息，用git remote：

或者，用git remote -v显示更详细的信息：

推送分支

推送分支，就是把该分支上的所有本地提交推送到远程库。推送时，要指定本地分支，这样，Git就会把该分支推送到远程库对应的远程分支上：

$ git push origin master
如果要推送其他分支，比如dev，就改成：

$ git push origin dev


抓取分支

当你的小伙伴从远程库clone时，默认情况下，你的小伙伴只能看到本地的master分支。不信可以用git branch命令看看：

$ git branch

现在，你的小伙伴要在dev分支上开发，就必须创建远程origin的dev分支到本地，于是他用这个命令创建本地dev分支：

$ git checkout -b dev origin/dev

现在，他就可以在dev上继续修改，然后，时不时地把dev分支push到远程：

$ git add env.txt
$ git commit -m "add env"
$ git push origin dev

推送失败，因为你的小伙伴的最新提交和你试图推送的提交有冲突，解决办法也很简单，Git已经提示我们，先用git pull把最新的提交从origin/dev抓下来，然后，在本地合并，解决冲突，再推送：

$ git pull
git pull也失败了，原因是没有指定本地dev分支与远程origin/dev分支的链接，根据提示，设置dev和origin/dev的链接：

$ git branch --set-upstream-to=origin/dev dev

因此，多人协作的工作模式通常是这样：

首先，可以试图用git push origin <branch-name>推送自己的修改；

如果推送失败，则因为远程分支比你的本地更新，需要先用git pull试图合并；

如果合并有冲突，则解决冲突，并在本地提交；

没有冲突或者解决掉冲突后，再用git push origin <branch-name>推送就能成功！

如果git pull提示no tracking information，则说明本地分支和远程分支的链接关系没有创建，用命令git branch --set-upstream-to <branch-name> origin/<branch-name>。

这就是多人协作的工作模式，一旦熟悉了，就非常简单。

小结

查看远程库信息，使用git remote -v；

本地新建的分支如果不推送到远程，对其他人就是不可见的；

从本地推送分支，使用git push origin branch-name，如果推送失败，先用git pull抓取远程的新提交；

在本地创建和远程分支对应的分支，使用git checkout -b branch-name origin/branch-name，本地和远程分支的名称最好一致；

建立本地分支和远程分支的关联，使用git branch --set-upstream branch-name origin/branch-name；

从远程抓取分支，使用git pull，如果有冲突，要先处理冲突。

在和远程分支同步后，我们对hello.py这个文件做了两次提交。用git log命令看看：

$ git log --graph --pretty=oneline --abbrev-commit

rebase操作可以把本地未push的分叉提交历史整理成直线；

rebase的目的是使得我们在查看历史提交的变化时更容易，因为分叉的提交需要三方对比。


创建标签

阅读: 257252
在Git中打标签非常简单，首先，切换到需要打标签的分支上：

$ git branch
* dev
  master
$ git checkout master
Switched to branch 'master'
然后，敲命令git tag <name>就可以打一个新标签：

$ git tag v1.0
可以用命令git tag查看所有标签：

$ git tag
v1.0
默认标签是打在最新提交的commit上的。有时候，如果忘了打标签，比如，现在已经是周五了，但应该在周一打的标签没有打，怎么办？

方法是找到历史提交的commit id，然后打上就可以了：

$ git log --pretty=oneline --abbrev-commit
12a631b (HEAD -> master, tag: v1.0, origin/master) merged bug fix 101
4c805e2 fix bug 101
e1e9c68 merge with no-ff
f52c633 add merge
cf810e4 conflict fixed
5dc6824 & simple
14096d0 AND simple
b17d20e branch test
d46f35e remove test.txt
b84166e add test.txt
519219b git tracks changes
e43a48b understand how stage works
1094adb append GPL
e475afc add distributed
eaadf4e wrote a readme file
比方说要对add merge这次提交打标签，它对应的commit id是f52c633，敲入命令：

$ git tag v0.9 f52c633
再用命令git tag查看标签：

$ git tag
v0.9
v1.0
注意，标签不是按时间顺序列出，而是按字母排序的。可以用git show <tagname>查看标签信息：

$ git show v0.9
commit f52c63349bc3c1593499807e5c8e972b82c8f286 (tag: v0.9)
Author: Michael Liao <askxuefeng@gmail.com>
Date:   Fri May 18 21:56:54 2018 +0800

    add merge

diff --git a/readme.txt b/readme.txt
...
可以看到，v0.9确实打在add merge这次提交上。

还可以创建带有说明的标签，用-a指定标签名，-m指定说明文字：

$ git tag -a v0.1 -m "version 0.1 released" 1094adb
用命令git show <tagname>可以看到说明文字：

$ git show v0.1
tag v0.1
Tagger: Michael Liao <askxuefeng@gmail.com>
Date:   Fri May 18 22:48:43 2018 +0800

version 0.1 released

commit 1094adb7b9b3807259d8cb349e7df1d4d6477073 (tag: v0.1)
Author: Michael Liao <askxuefeng@gmail.com>
Date:   Fri May 18 21:06:15 2018 +0800

    append GPL

diff --git a/readme.txt b/readme.txt
...
 注意：标签总是和某个commit挂钩。如果这个commit既出现在master分支，又出现在dev分支，那么在这两个分支上都可以看到这个标签。


创建标签


小结

命令git tag <tagname>用于新建一个标签，默认为HEAD，也可以指定一个commit id；

命令git tag -a <tagname> -m "blablabla..."可以指定标签信息；

命令git tag可以查看所有标签。

操作标签

命令git push origin <tagname>可以推送一个本地标签；

命令git push origin --tags可以推送全部未推送过的本地标签；

命令git tag -d <tagname>可以删除一个本地标签；

命令git push origin :refs/tags/<tagname>可以删除一个远程标签。
